// Jest Snapshot v1, https://goo.gl/fbAQLP

exports[`GalleryList correctly rendered 1`] = `
<div
  className="container"
>
  <div
    className="row"
  >
    <div
      className="col-3"
    >
      <div
        className="gallery-list-item"
        onMouseEnter={[Function]}
        onMouseOut={[Function]}
        role="link"
      >
        <img
          url="/test1.png"
        />
        <img
          alt="Tag"
          className=""
          onClick={[Function]}
          src="/images/tagimage.png"
        />
      </div>
    </div>
    <div
      className="col-3"
    >
      <div
        className="gallery-list-item"
        onMouseEnter={[Function]}
        onMouseOut={[Function]}
        role="link"
      >
        <img
          url="/test2.png"
        />
      </div>
    </div>
  </div>
</div>
`;
