// Jest Snapshot v1, https://goo.gl/fbAQLP

exports[`SearchText correctly rendered 1`] = `
<input
  className="search-text"
  onChange={[Function]}
  onKeyPress={[Function]}
  placeholder="Start searching for images!"
  type="text"
  value=""
/>
`;
